                                      1 ;--------------------------------------------------------
                                      2 ; File Created by SDCC : free open source ISO C Compiler 
                                      3 ; Version 4.4.1 #14650 (Mac OS X ppc)
                                      4 ;--------------------------------------------------------
                                      5 	.module main
                                      6 	.optsdcc -msm83
                                      7 	
                                      8 ;--------------------------------------------------------
                                      9 ; Public variables in this module
                                     10 ;--------------------------------------------------------
                                     11 	.globl _main
                                     12 	.globl _printf
                                     13 ;--------------------------------------------------------
                                     14 ; special function registers
                                     15 ;--------------------------------------------------------
                                     16 ;--------------------------------------------------------
                                     17 ; ram data
                                     18 ;--------------------------------------------------------
                                     19 	.area _DATA
                                     20 ;--------------------------------------------------------
                                     21 ; ram data
                                     22 ;--------------------------------------------------------
                                     23 	.area _INITIALIZED
                                     24 ;--------------------------------------------------------
                                     25 ; absolute external ram data
                                     26 ;--------------------------------------------------------
                                     27 	.area _DABS (ABS)
                                     28 ;--------------------------------------------------------
                                     29 ; global & static initialisations
                                     30 ;--------------------------------------------------------
                                     31 	.area _HOME
                                     32 	.area _GSINIT
                                     33 	.area _GSFINAL
                                     34 	.area _GSINIT
                                     35 ;--------------------------------------------------------
                                     36 ; Home
                                     37 ;--------------------------------------------------------
                                     38 	.area _HOME
                                     39 	.area _HOME
                                     40 ;--------------------------------------------------------
                                     41 ; code
                                     42 ;--------------------------------------------------------
                                     43 	.area _CODE
                                     44 ;main.c:4: void main(){
                                     45 ;	---------------------------------
                                     46 ; Function main
                                     47 ; ---------------------------------
    00000000                         48 _main::
                                     49 ;main.c:5: printf("HELLO WORLD");
    00000000 11r09r00         [12]   50 	ld	de, #___str_0
    00000003 D5               [16]   51 	push	de
    00000004 CDr00r00         [24]   52 	call	_printf
    00000007 E1               [12]   53 	pop	hl
                                     54 ;main.c:6: }
    00000008 C9               [16]   55 	ret
    00000009                         56 ___str_0:
    00000009 48 45 4C 4C 4F 20 57    57 	.ascii "HELLO WORLD"
             4F 52 4C 44
    00000014 00                      58 	.db 0x00
                                     59 	.area _CODE
                                     60 	.area _INITIALIZER
                                     61 	.area _CABS (ABS)
